// Vitest Snapshot v1

exports[`renders correctly with no pets 1`] = `
<DocumentFragment>
  <div
    class="grid gap-4 grid-cols-1 sm:grid-cols-2 lg:grid-cols-3"
  >
    <h1>
      No Pets Found
    </h1>
  </div>
</DocumentFragment>
`;
